<html>
<body>
<h1>Hello there</h1>
<div>Facebook login is ON</div>

<div>Google login is OFF</div>
</body>
</html>